џџџџџџмџмџмџмџџџџџџџџџџ
мџпџлџџџмџпџлџџмџммџпмџ
пџпџпџпџпџпџпџпџџпџџпџџ
џџџџџџџџџџммплџџџџџџџџџ
џџџџџџџџџмплџлџџџџџџџџџ
џџџџџџџџџпппппџџџџџџџџџ
лпџџџџпппџџџппммџџлпџџџ
ллмлмџмллммџллмммџллмлм
џџџмџџџџџџџџџџџџџџџџџмџ
џџџџмџџџџџџџџџџџџџџџџџм
пппппџџџџџџџџџџџџџппппп
лпџџџџппмџџџпппџџџлпџџџ
ллмлмџммллмџмлллмџллмлм
џџџмџџџџџџммџџџџџџџџџмџ
џџџџмџџџџџллџџџџџџџџџџм
пппппџџџџџллџџџџџџппппп
џџпмџџџџџџмлџџџџџџџмпџџ
џџџџппммџџплџџџџммпџџџџ
џџџџџџммџџплџџппммџџџџџ
џџџмппџџџџлпџџџџџџпмџџџ
џмпџџџџџџџллџџџџџџџџлџџ
џпмџџџџџџџмпџџџџџџмпџџџ
џџџпммџџџџџџџџммппџџџџџ
џџлџџџпппџлџппџџџџџџџџџ
џџлџџџџмплллпмџџмџммџмм
мџмммџпџџлллџџпџџллпллл
џџмџџџџџџлџлџџџџџлллмлл
џџлџџџџџмлџлмџџџџппџџџџ
џџмммџџџџџмџџџџџџџџџџџџ
џџлллџпџпџџџпџлџлџлџлџп
џџџџџџџџмммммџџџџџџџџџџ
џџџџммлппппппплммџџџџџџ
џџмлпмџџџџџџџџџмплмџџџџ
џлпџџлпмџџџџџмплџџплџџџ
џпџџџлџџпмџмпџџлџџџпџџџ
џџџџџлџџџџпџџџџлџџџџџџџ
џммммџџлммлмпмџџммммџџџ

Arecibo message
by Philippe Majerus (www.phm.lu)
