         [97m                      [4m [24m                              [4m [24m   [4m [24m [4m [24m  [4m [24m   [4m [m  
   [7;4;38;2;243;83;37mÝ Þ[38;2;129;188;6m  [27;24;97m  ³\ /³ú [4m [24m  [4m [24m [4m [24m  [4m [24m  [4m [24m [4mô | [24m   \ /\ /ú [4m [24m  [4m [24m| [4m [24m      [4m [24m   ³   \[4m [24m/ ([4m [24m` ([4m [24m`[m 
   [7;38;2;5;166;240mÝ Þ[38;2;255;186;8m  [27;97m  ³ V ³³([4m [24m ³ ([4m [24m)'[4mÄ[24m,([4m [24m)³ ³[4m [24m    V  V ³³ |([4m [24m³([4m [24m)\/\/'[4mÄ[24m,  [4m³ [24m, [4m/[24m [4m\[24m .[4m [24m) .[4m [24m)[m 
                                                              [90mLinux Subsystem[m 