 [47;31m Free[30m³   ³   ³   ³   ³[4mã([53m[[55;24;30m³   ³   ³ _ ³   ³[34mGoto [m 
 [47;31m Park[30m³   ³ [34m?[30m ³   ³   ³[53;4m/[24;9moo[29;55m³   ³   ³ÆÏ»³   ³[34mjail [m 
 [47;30mÄÄÄÄÄÅ[91mßßß[30mÁÄÄÄÁ[91mßßß[30mÁ[91mßßß[30mÁÄÄÄÁ[93mßßß[30mÁ[93mßßß[30mÁÄÄÄÁ[93mßßß[30mÅÄÄÄÄÄ[m 
 [47;30m    [33mÞÝ[30m      /\                           [32mÞÝ[30m    [m 
 [47;30mÄÄÄÄÄ´     / .\                          ÃÄÄÄÄÄ[m 
 [47;30m    [33mÞÝ[30m    / m t\                         [32mÞÝ[30m    [m 
 [47;30mÄÄÄÄÄ´   / m s /       _                 ÃÄÄÄÄÄ[m 
 [47;34m C.c [30m³  / o e /      _|_|_               ³ [34mC.c [m 
 [47;30mÄÄÄÄÄ´  \C h /       ð. .ð  _            ÃÄÄÄÄÄ[m 
 [47;30m    [33mÞÝ[30m   \c /        \~'~/ (€`           [32mÞÝ[30m    [m 
 [47;30mÄÄÄÄÄ´    \/        //"V"\V||            ÃÄÄÄÄÄ[m 
 [47;30m [4mã([53m[[55;24m ³         [31mÞ[41;97;1mM O N O P O L Y[22;31;47mÝ[30m         ³ [4mã([53m[[55;24m [m 
 [47;30mÄ[53mÄÄÄ[55mÄ´                             /\    ÃÄ[53mÄÄÄ[55mÄ[m 
 [47;30m    [95mÞÝ[30m                            /[90m?[30m \   ³  [31m?[30m  [m 
 [47;30mÄÄÄÄÄ´                           /  c \  ÃÄÄÄÄÄ[m 
 [47;30m    [95mÞÝ[30m                          /  n [90m?[30m/  [94mÞÝ[30m    [m 
 [47;30mÄÄÄÄÄ´                         /[90m?[30m h  /   ÃÄÄÄÄÄ[m 
 [47m [33m([103;90;53;4mY[24;55;33;47m) [30m³                         \ C  /    ³L.Tax[m 
 [47;30mÄÄÄÄÄ´                          \ [90m?[30m/     ÃÄÄÄÄÄ[m 
 [47;30m    [95mÞÝ[30m                           \/      [94mÞÝ[30m    [m 
 [47;30mÄÄ[33mÜÜÜ[30mÅ[36mÜÜÜ[30mÂ[36mÜÜÜ[30mÂÄÄÄÂ[36mÜÜÜ[30mÂÄÄÄÂÄÄÄÂ[35mÜÜÜ[30mÂÄÄÄÂ[35mÜÜÜ[30mÅÄÄÄÄÄ[m 
 [47;30m  [43m ð [33;47mÝ[30m   ³   ³ [35m?[30m ³   ³[4mã([53m[[55;24m³In.³   ³C.c³   ³  [31mGO [m 
 [47;30m Jail³   ³   ³   ³   ³[53;4m/[24;9moo[29;55m³Tax³   ³   ³   ³ [31m<=  [m 

Monopoly board (Parker Brothers)
by Philippe Majerus (www.phm.lu)
