  [38;5;252mÜÜ[38;5;247mÜÜ[38;5;242mÜÜ[m    [4m  [24m [4m [24m                          [4m   [24m                          
  [48;5;236;38;5;253m \    [m    \\ / ú [4m  [24m   [4m [24m³  [4m [24m       [4m [24m      ³   [4m [24m  [4m  [24m [4m    [24m  ú [4m  [24m   [4m [24m  ³ 
  [48;5;236;38;5;247m / [38;5;253mÄÄ [m     VV  [4m³[24m [4m³[24m [4m)[24m ([4m [24m³ ([4m [24m) \[4m\[24m/ '[4mÄ[24m,     [4m³[24m  ([4mÄ[24m` [4m³[24m  [4m³[24m [4m³[24m [4m)[24m [4m³[24m [4m³[24m [4m)[24m .[4mÄ³[24m [4m³[24m 


Microsoft Windows Terminal 1.0 logo
ANSI-art version by Philippe Majerus, May 2020.
