]4;0;rgb:0f/1e/0f]4;1;rgb:30/9a/35]4;2;rgb:30/9a/35]4;3;rgb:30/9a/35]4;4;rgb:30/9a/35]4;5;rgb:30/9a/35]4;6;rgb:30/9a/35]4;7;rgb:32/ff/38]4;8;rgb:30/9a/35]4;9;rgb:32/ff/38]4;10;rgb:32/ff/38]4;11;rgb:32/ff/38]4;12;rgb:32/ff/38]4;13;rgb:32/ff/38]4;14;rgb:32/ff/38]4;15;rgb:32/ff/38

MDA colors palette
Change the console palette to the monochrome green phosphor
typical of the original MDA with an IBM 5151 monitor.

by Philippe Majerus (www.phm.lu)
