]4;0;rgb:1e/1e/1e]4;1;rgb:cd/31/31]4;2;rgb:0d/bc/79]4;3;rgb:e5/e5/10]4;4;rgb:24/72/c8]4;5;rgb:bc/3f/bc]4;6;rgb:11/a8/cd]4;7;rgb:cc/cc/cc]4;8;rgb:66/66/66]4;9;rgb:f1/4c/4c]4;10;rgb:23/d1/8b]4;11;rgb:f5/f5/43]4;12;rgb:3b/8e/ea]4;13;rgb:d6/70/d6]4;14;rgb:29/b8/db]4;15;rgb:e5/e5/e5

VSCode colors palette
Change the console palette to the standard Dark+ palette used in Visual Studio Code.

by Philippe Majerus (www.phm.lu)
