]4;0;rgb:0c/0c/0c]4;1;rgb:c5/0f/1f]4;2;rgb:13/a1/0e]4;3;rgb:c1/9c/00]4;4;rgb:00/37/da]4;5;rgb:88/17/98]4;6;rgb:3a/96/dd]4;7;rgb:cc/cc/cc]4;8;rgb:76/76/76]4;9;rgb:e7/48/56]4;10;rgb:16/c6/0c]4;11;rgb:f9/f1/a5]4;12;rgb:3b/78/ff]4;13;rgb:b4/00/9e]4;14;rgb:61/d6/d6]4;15;rgb:f2/f2/f2

Windows colors palette
The new Windows console palette from Windows 10 Ver. 1709 and later.

by Philippe Majerus (www.phm.lu)
